In file included from /home/adam/Desktop/Development/Scaffold_GenRKQC/rkqc/src/../libs/include/boost/config.hpp:57:0,
                 from /home/adam/Desktop/Development/Scaffold_GenRKQC/rkqc/src/../libs/include/boost/foreach.hpp:30,
                 from /home/adam/Desktop/Development/Scaffold_GenRKQC/rkqc/src/core/circuit.hpp:38,
                 from /home/adam/Desktop/Development/Scaffold_GenRKQC/rkqc/src/examples/e001_hello_world.cpp:20:
/home/adam/Desktop/Development/Scaffold_GenRKQC/rkqc/src/../libs/include/boost/iterator/iterator_facade.hpp: In function ‘typename boost::detail::enable_if_interoperable<Derived1, Derived2, typename boost::mpl::apply2<boost::detail::always_bool2, Derived1, Derived2>::type>::type boost::operator==(const boost::iterator_facade<Derived1, V1, TC1, Reference1, Difference1>&, const boost::iterator_facade<Derived2, V2, TC2, Reference2, Difference2>&)’:
/home/adam/Desktop/Development/Scaffold_GenRKQC/rkqc/src/../libs/include/boost/static_assert.hpp:125:21: warning: typedef ‘boost_static_assert_typedef_832’ locally defined but not used [-Wunused-local-typedefs]
          BOOST_JOIN(boost_static_assert_typedef_, __LINE__)
                     ^
/home/adam/Desktop/Development/Scaffold_GenRKQC/rkqc/src/../libs/include/boost/iterator/iterator_facade.hpp:814:7: note: in expansion of macro ‘BOOST_STATIC_ASSERT’
       BOOST_STATIC_ASSERT((                                                     \
       ^
/home/adam/Desktop/Development/Scaffold_GenRKQC/rkqc/src/../libs/include/boost/iterator/iterator_facade.hpp:825:3: note: in expansion of macro ‘BOOST_ITERATOR_FACADE_INTEROP’
   BOOST_ITERATOR_FACADE_INTEROP(                                    \
   ^
/home/adam/Desktop/Development/Scaffold_GenRKQC/rkqc/src/../libs/include/boost/iterator/iterator_facade.hpp:832:3: note: in expansion of macro ‘BOOST_ITERATOR_FACADE_RELATION’
   BOOST_ITERATOR_FACADE_RELATION(==, return, equal)
   ^
/home/adam/Desktop/Development/Scaffold_GenRKQC/rkqc/src/../libs/include/boost/iterator/iterator_facade.hpp: In function ‘typename boost::detail::enable_if_interoperable<Derived1, Derived2, typename boost::mpl::apply2<boost::detail::always_bool2, Derived1, Derived2>::type>::type boost::operator!=(const boost::iterator_facade<Derived1, V1, TC1, Reference1, Difference1>&, const boost::iterator_facade<Derived2, V2, TC2, Reference2, Difference2>&)’:
/home/adam/Desktop/Development/Scaffold_GenRKQC/rkqc/src/../libs/include/boost/static_assert.hpp:125:21: warning: typedef ‘boost_static_assert_typedef_833’ locally defined but not used [-Wunused-local-typedefs]
          BOOST_JOIN(boost_static_assert_typedef_, __LINE__)
                     ^
/home/adam/Desktop/Development/Scaffold_GenRKQC/rkqc/src/../libs/include/boost/iterator/iterator_facade.hpp:814:7: note: in expansion of macro ‘BOOST_STATIC_ASSERT’
       BOOST_STATIC_ASSERT((                                                     \
       ^
/home/adam/Desktop/Development/Scaffold_GenRKQC/rkqc/src/../libs/include/boost/iterator/iterator_facade.hpp:825:3: note: in expansion of macro ‘BOOST_ITERATOR_FACADE_INTEROP’
   BOOST_ITERATOR_FACADE_INTEROP(                                    \
   ^
/home/adam/Desktop/Development/Scaffold_GenRKQC/rkqc/src/../libs/include/boost/iterator/iterator_facade.hpp:833:3: note: in expansion of macro ‘BOOST_ITERATOR_FACADE_RELATION’
   BOOST_ITERATOR_FACADE_RELATION(!=, return !, equal)
   ^
/home/adam/Desktop/Development/Scaffold_GenRKQC/rkqc/src/../libs/include/boost/iterator/iterator_facade.hpp: In function ‘typename boost::detail::enable_if_interoperable<Derived1, Derived2, typename boost::mpl::apply2<boost::detail::always_bool2, Derived1, Derived2>::type>::type boost::operator<(const boost::iterator_facade<Derived1, V1, TC1, Reference1, Difference1>&, const boost::iterator_facade<Derived2, V2, TC2, Reference2, Difference2>&)’:
/home/adam/Desktop/Development/Scaffold_GenRKQC/rkqc/src/../libs/include/boost/static_assert.hpp:125:21: warning: typedef ‘boost_static_assert_typedef_835’ locally defined but not used [-Wunused-local-typedefs]
          BOOST_JOIN(boost_static_assert_typedef_, __LINE__)
                     ^
/home/adam/Desktop/Development/Scaffold_GenRKQC/rkqc/src/../libs/include/boost/iterator/iterator_facade.hpp:814:7: note: in expansion of macro ‘BOOST_STATIC_ASSERT’
       BOOST_STATIC_ASSERT((                                                     \
       ^
/home/adam/Desktop/Development/Scaffold_GenRKQC/rkqc/src/../libs/include/boost/iterator/iterator_facade.hpp:825:3: note: in expansion of macro ‘BOOST_ITERATOR_FACADE_INTEROP’
   BOOST_ITERATOR_FACADE_INTEROP(                                    \
   ^
/home/adam/Desktop/Development/Scaffold_GenRKQC/rkqc/src/../libs/include/boost/iterator/iterator_facade.hpp:835:3: note: in expansion of macro ‘BOOST_ITERATOR_FACADE_RELATION’
   BOOST_ITERATOR_FACADE_RELATION(<, return 0 >, distance_from)
   ^
/home/adam/Desktop/Development/Scaffold_GenRKQC/rkqc/src/../libs/include/boost/iterator/iterator_facade.hpp: In function ‘typename boost::detail::enable_if_interoperable<Derived1, Derived2, typename boost::mpl::apply2<boost::detail::always_bool2, Derived1, Derived2>::type>::type boost::operator>(const boost::iterator_facade<Derived1, V1, TC1, Reference1, Difference1>&, const boost::iterator_facade<Derived2, V2, TC2, Reference2, Difference2>&)’:
/home/adam/Desktop/Development/Scaffold_GenRKQC/rkqc/src/../libs/include/boost/static_assert.hpp:125:21: warning: typedef ‘boost_static_assert_typedef_836’ locally defined but not used [-Wunused-local-typedefs]
          BOOST_JOIN(boost_static_assert_typedef_, __LINE__)
                     ^
/home/adam/Desktop/Development/Scaffold_GenRKQC/rkqc/src/../libs/include/boost/iterator/iterator_facade.hpp:814:7: note: in expansion of macro ‘BOOST_STATIC_ASSERT’
       BOOST_STATIC_ASSERT((                                                     \
       ^
/home/adam/Desktop/Development/Scaffold_GenRKQC/rkqc/src/../libs/include/boost/iterator/iterator_facade.hpp:825:3: note: in expansion of macro ‘BOOST_ITERATOR_FACADE_INTEROP’
   BOOST_ITERATOR_FACADE_INTEROP(                                    \
   ^
/home/adam/Desktop/Development/Scaffold_GenRKQC/rkqc/src/../libs/include/boost/iterator/iterator_facade.hpp:836:3: note: in expansion of macro ‘BOOST_ITERATOR_FACADE_RELATION’
   BOOST_ITERATOR_FACADE_RELATION(>, return 0 <, distance_from)
   ^
/home/adam/Desktop/Development/Scaffold_GenRKQC/rkqc/src/../libs/include/boost/iterator/iterator_facade.hpp: In function ‘typename boost::detail::enable_if_interoperable<Derived1, Derived2, typename boost::mpl::apply2<boost::detail::always_bool2, Derived1, Derived2>::type>::type boost::operator<=(const boost::iterator_facade<Derived1, V1, TC1, Reference1, Difference1>&, const boost::iterator_facade<Derived2, V2, TC2, Reference2, Difference2>&)’:
/home/adam/Desktop/Development/Scaffold_GenRKQC/rkqc/src/../libs/include/boost/static_assert.hpp:125:21: warning: typedef ‘boost_static_assert_typedef_837’ locally defined but not used [-Wunused-local-typedefs]
          BOOST_JOIN(boost_static_assert_typedef_, __LINE__)
                     ^
/home/adam/Desktop/Development/Scaffold_GenRKQC/rkqc/src/../libs/include/boost/iterator/iterator_facade.hpp:814:7: note: in expansion of macro ‘BOOST_STATIC_ASSERT’
       BOOST_STATIC_ASSERT((                                                     \
       ^
/home/adam/Desktop/Development/Scaffold_GenRKQC/rkqc/src/../libs/include/boost/iterator/iterator_facade.hpp:825:3: note: in expansion of macro ‘BOOST_ITERATOR_FACADE_INTEROP’
   BOOST_ITERATOR_FACADE_INTEROP(                                    \
   ^
/home/adam/Desktop/Development/Scaffold_GenRKQC/rkqc/src/../libs/include/boost/iterator/iterator_facade.hpp:837:3: note: in expansion of macro ‘BOOST_ITERATOR_FACADE_RELATION’
   BOOST_ITERATOR_FACADE_RELATION(<=, return 0 >=, distance_from)
   ^
/home/adam/Desktop/Development/Scaffold_GenRKQC/rkqc/src/../libs/include/boost/iterator/iterator_facade.hpp: In function ‘typename boost::detail::enable_if_interoperable<Derived1, Derived2, typename boost::mpl::apply2<boost::detail::always_bool2, Derived1, Derived2>::type>::type boost::operator>=(const boost::iterator_facade<Derived1, V1, TC1, Reference1, Difference1>&, const boost::iterator_facade<Derived2, V2, TC2, Reference2, Difference2>&)’:
/home/adam/Desktop/Development/Scaffold_GenRKQC/rkqc/src/../libs/include/boost/static_assert.hpp:125:21: warning: typedef ‘boost_static_assert_typedef_838’ locally defined but not used [-Wunused-local-typedefs]
          BOOST_JOIN(boost_static_assert_typedef_, __LINE__)
                     ^
/home/adam/Desktop/Development/Scaffold_GenRKQC/rkqc/src/../libs/include/boost/iterator/iterator_facade.hpp:814:7: note: in expansion of macro ‘BOOST_STATIC_ASSERT’
       BOOST_STATIC_ASSERT((                                                     \
       ^
/home/adam/Desktop/Development/Scaffold_GenRKQC/rkqc/src/../libs/include/boost/iterator/iterator_facade.hpp:825:3: note: in expansion of macro ‘BOOST_ITERATOR_FACADE_INTEROP’
   BOOST_ITERATOR_FACADE_INTEROP(                                    \
   ^
/home/adam/Desktop/Development/Scaffold_GenRKQC/rkqc/src/../libs/include/boost/iterator/iterator_facade.hpp:838:3: note: in expansion of macro ‘BOOST_ITERATOR_FACADE_RELATION’
   BOOST_ITERATOR_FACADE_RELATION(>=, return 0 <=, distance_from)
   ^
/home/adam/Desktop/Development/Scaffold_GenRKQC/rkqc/src/../libs/include/boost/iterator/iterator_facade.hpp: In function ‘typename boost::detail::enable_if_interoperable<Derived1, Derived2, typename boost::mpl::apply2<boost::detail::choose_difference_type, Derived1, Derived2>::type>::type boost::operator-(const boost::iterator_facade<Derived1, V1, TC1, Reference1, Difference1>&, const boost::iterator_facade<Derived2, V2, TC2, Reference2, Difference2>&)’:
/home/adam/Desktop/Development/Scaffold_GenRKQC/rkqc/src/../libs/include/boost/static_assert.hpp:125:21: warning: typedef ‘boost_static_assert_typedef_847’ locally defined but not used [-Wunused-local-typedefs]
          BOOST_JOIN(boost_static_assert_typedef_, __LINE__)
                     ^
/home/adam/Desktop/Development/Scaffold_GenRKQC/rkqc/src/../libs/include/boost/iterator/iterator_facade.hpp:814:7: note: in expansion of macro ‘BOOST_STATIC_ASSERT’
       BOOST_STATIC_ASSERT((                                                     \
       ^
/home/adam/Desktop/Development/Scaffold_GenRKQC/rkqc/src/../libs/include/boost/iterator/iterator_facade.hpp:842:3: note: in expansion of macro ‘BOOST_ITERATOR_FACADE_INTEROP’
   BOOST_ITERATOR_FACADE_INTEROP(
   ^
/home/adam/Desktop/Development/Scaffold_GenRKQC/rkqc/src/../libs/include/boost/iterator/iterator_adaptor.hpp: In function ‘void boost::detail::iterator_adaptor_assert_traversal()’:
/home/adam/Desktop/Development/Scaffold_GenRKQC/rkqc/src/../libs/include/boost/static_assert.hpp:125:21: warning: typedef ‘boost_static_assert_typedef_224’ locally defined but not used [-Wunused-local-typedefs]
          BOOST_JOIN(boost_static_assert_typedef_, __LINE__)
                     ^
/home/adam/Desktop/Development/Scaffold_GenRKQC/rkqc/src/../libs/include/boost/iterator/iterator_adaptor.hpp:224:7: note: in expansion of macro ‘BOOST_STATIC_ASSERT’
       BOOST_STATIC_ASSERT((is_convertible<Tr1, Tr2>::value));
       ^
/home/adam/Desktop/Development/Scaffold_GenRKQC/rkqc/src/../libs/include/boost/iterator/transform_iterator.hpp: In constructor ‘boost::transform_iterator<UnaryFunction, Iterator, Reference, Value>::transform_iterator(const Iterator&)’:
/home/adam/Desktop/Development/Scaffold_GenRKQC/rkqc/src/../libs/include/boost/static_assert.hpp:125:21: warning: typedef ‘boost_static_assert_typedef_97’ locally defined but not used [-Wunused-local-typedefs]
          BOOST_JOIN(boost_static_assert_typedef_, __LINE__)
                     ^
/home/adam/Desktop/Development/Scaffold_GenRKQC/rkqc/src/../libs/include/boost/iterator/transform_iterator.hpp:97:9: note: in expansion of macro ‘BOOST_STATIC_ASSERT’
         BOOST_STATIC_ASSERT(is_class<UnaryFunc>::value);
         ^
/home/adam/Desktop/Development/Scaffold_GenRKQC/rkqc/src/../libs/include/boost/optional/optional.hpp: In member function ‘void boost::optional_detail::optional_base<T>::construct(const Expr&, const boost::in_place_factory_base*)’:
/home/adam/Desktop/Development/Scaffold_GenRKQC/rkqc/src/../libs/include/boost/static_assert.hpp:125:21: warning: typedef ‘boost_static_assert_typedef_355’ locally defined but not used [-Wunused-local-typedefs]
          BOOST_JOIN(boost_static_assert_typedef_, __LINE__)
                     ^
/home/adam/Desktop/Development/Scaffold_GenRKQC/rkqc/src/../libs/include/boost/optional/optional.hpp:355:8: note: in expansion of macro ‘BOOST_STATIC_ASSERT’
        BOOST_STATIC_ASSERT ( ::boost::mpl::not_<is_reference_predicate>::value ) ;
        ^
/home/adam/Desktop/Development/Scaffold_GenRKQC/rkqc/src/../libs/include/boost/optional/optional.hpp: In member function ‘void boost::optional_detail::optional_base<T>::construct(const Expr&, const boost::typed_in_place_factory_base*)’:
/home/adam/Desktop/Development/Scaffold_GenRKQC/rkqc/src/../libs/include/boost/static_assert.hpp:125:21: warning: typedef ‘boost_static_assert_typedef_364’ locally defined but not used [-Wunused-local-typedefs]
          BOOST_JOIN(boost_static_assert_typedef_, __LINE__)
                     ^
/home/adam/Desktop/Development/Scaffold_GenRKQC/rkqc/src/../libs/include/boost/optional/optional.hpp:364:8: note: in expansion of macro ‘BOOST_STATIC_ASSERT’
        BOOST_STATIC_ASSERT ( ::boost::mpl::not_<is_reference_predicate>::value ) ;
        ^
/home/adam/Desktop/Development/Scaffold_GenRKQC/rkqc/src/../libs/include/boost/variant/variant.hpp: In member function ‘void boost::variant<T0, T1, T2, T3, T4, T5, T6, T7, T8, T9, T10, T11, T12, T13, T14, T15, T16, T17, T18, T19>::operator==(const U&) const’:
/home/adam/Desktop/Development/Scaffold_GenRKQC/rkqc/src/../libs/include/boost/static_assert.hpp:125:21: warning: typedef ‘boost_static_assert_typedef_1724’ locally defined but not used [-Wunused-local-typedefs]
          BOOST_JOIN(boost_static_assert_typedef_, __LINE__)
                     ^
/home/adam/Desktop/Development/Scaffold_GenRKQC/rkqc/src/../libs/include/boost/variant/variant.hpp:1724:9: note: in expansion of macro ‘BOOST_STATIC_ASSERT’
         BOOST_STATIC_ASSERT( false && sizeof(U) );
         ^
/home/adam/Desktop/Development/Scaffold_GenRKQC/rkqc/src/../libs/include/boost/variant/variant.hpp: In member function ‘void boost::variant<T0, T1, T2, T3, T4, T5, T6, T7, T8, T9, T10, T11, T12, T13, T14, T15, T16, T17, T18, T19>::operator<(const U&) const’:
/home/adam/Desktop/Development/Scaffold_GenRKQC/rkqc/src/../libs/include/boost/static_assert.hpp:125:21: warning: typedef ‘boost_static_assert_typedef_1731’ locally defined but not used [-Wunused-local-typedefs]
          BOOST_JOIN(boost_static_assert_typedef_, __LINE__)
                     ^
/home/adam/Desktop/Development/Scaffold_GenRKQC/rkqc/src/../libs/include/boost/variant/variant.hpp:1731:9: note: in expansion of macro ‘BOOST_STATIC_ASSERT’
         BOOST_STATIC_ASSERT( false && sizeof(U) );
         ^
In file included from /home/adam/Desktop/Development/Scaffold_GenRKQC/rkqc/src/../libs/include/boost/tuple/tuple.hpp:33:0,
                 from /home/adam/Desktop/Development/Scaffold_GenRKQC/rkqc/src/../libs/include/boost/unordered/detail/allocate.hpp:27,
                 from /home/adam/Desktop/Development/Scaffold_GenRKQC/rkqc/src/../libs/include/boost/unordered/detail/buckets.hpp:15,
                 from /home/adam/Desktop/Development/Scaffold_GenRKQC/rkqc/src/../libs/include/boost/unordered/detail/table.hpp:10,
                 from /home/adam/Desktop/Development/Scaffold_GenRKQC/rkqc/src/../libs/include/boost/unordered/detail/equivalent.hpp:14,
                 from /home/adam/Desktop/Development/Scaffold_GenRKQC/rkqc/src/../libs/include/boost/unordered/unordered_set.hpp:17,
                 from /home/adam/Desktop/Development/Scaffold_GenRKQC/rkqc/src/../libs/include/boost/unordered_set.hpp:16,
                 from /home/adam/Desktop/Development/Scaffold_GenRKQC/rkqc/src/core/gate.hpp:34,
                 from /home/adam/Desktop/Development/Scaffold_GenRKQC/rkqc/src/core/circuit.hpp:46,
                 from /home/adam/Desktop/Development/Scaffold_GenRKQC/rkqc/src/examples/e001_hello_world.cpp:20:
/home/adam/Desktop/Development/Scaffold_GenRKQC/rkqc/src/../libs/include/boost/tuple/detail/tuple_basic.hpp: In function ‘typename boost::tuples::access_traits<typename boost::tuples::element<N, boost::tuples::cons<HT, TT> >::type>::const_type boost::tuples::get(const boost::tuples::cons<HT, TT>&)’:
/home/adam/Desktop/Development/Scaffold_GenRKQC/rkqc/src/../libs/include/boost/tuple/detail/tuple_basic.hpp:228:45: warning: typedef ‘cons_element’ locally defined but not used [-Wunused-local-typedefs]
   typedef BOOST_DEDUCED_TYPENAME impl::type cons_element;
                                             ^
In file included from /home/adam/Desktop/Development/Scaffold_GenRKQC/rkqc/src/../libs/include/boost/config.hpp:57:0,
                 from /home/adam/Desktop/Development/Scaffold_GenRKQC/rkqc/src/../libs/include/boost/foreach.hpp:30,
                 from /home/adam/Desktop/Development/Scaffold_GenRKQC/rkqc/src/core/circuit.hpp:38,
                 from /home/adam/Desktop/Development/Scaffold_GenRKQC/rkqc/src/examples/e001_hello_world.cpp:20:
/home/adam/Desktop/Development/Scaffold_GenRKQC/rkqc/src/../libs/include/boost/tuple/detail/tuple_basic.hpp: In member function ‘boost::tuples::cons<HT, TT>& boost::tuples::cons<HT, TT>::operator=(const std::pair<_U1, _U2>&)’:
/home/adam/Desktop/Development/Scaffold_GenRKQC/rkqc/src/../libs/include/boost/static_assert.hpp:125:21: warning: typedef ‘boost_static_assert_typedef_325’ locally defined but not used [-Wunused-local-typedefs]
          BOOST_JOIN(boost_static_assert_typedef_, __LINE__)
                     ^
/home/adam/Desktop/Development/Scaffold_GenRKQC/rkqc/src/../libs/include/boost/tuple/detail/tuple_basic.hpp:325:5: note: in expansion of macro ‘BOOST_STATIC_ASSERT’
     BOOST_STATIC_ASSERT(length<cons>::value == 2); // check length = 2
     ^
/home/adam/Desktop/Development/Scaffold_GenRKQC/rkqc/src/../libs/include/boost/tuple/detail/tuple_basic.hpp: In member function ‘boost::tuples::tuple<T0, T1, T2, T3, T4, T5, T6, T7, T8, T9>& boost::tuples::tuple<T0, T1, T2, T3, T4, T5, T6, T7, T8, T9>::operator=(const std::pair<_U1, _U2>&)’:
/home/adam/Desktop/Development/Scaffold_GenRKQC/rkqc/src/../libs/include/boost/static_assert.hpp:125:21: warning: typedef ‘boost_static_assert_typedef_582’ locally defined but not used [-Wunused-local-typedefs]
          BOOST_JOIN(boost_static_assert_typedef_, __LINE__)
                     ^
/home/adam/Desktop/Development/Scaffold_GenRKQC/rkqc/src/../libs/include/boost/tuple/detail/tuple_basic.hpp:582:5: note: in expansion of macro ‘BOOST_STATIC_ASSERT’
     BOOST_STATIC_ASSERT(length<tuple>::value == 2);// check_length = 2
     ^
In file included from /home/adam/Desktop/Development/Scaffold_GenRKQC/rkqc/src/../libs/include/boost/unordered/unordered_set.hpp:18:0,
                 from /home/adam/Desktop/Development/Scaffold_GenRKQC/rkqc/src/../libs/include/boost/unordered_set.hpp:16,
                 from /home/adam/Desktop/Development/Scaffold_GenRKQC/rkqc/src/core/gate.hpp:34,
                 from /home/adam/Desktop/Development/Scaffold_GenRKQC/rkqc/src/core/circuit.hpp:46,
                 from /home/adam/Desktop/Development/Scaffold_GenRKQC/rkqc/src/examples/e001_hello_world.cpp:20:
/home/adam/Desktop/Development/Scaffold_GenRKQC/rkqc/src/../libs/include/boost/unordered/detail/unique.hpp: In member function ‘boost::unordered::detail::table_impl<Types>::value_type& boost::unordered::detail::table_impl<Types>::operator[](const key_type&)’:
/home/adam/Desktop/Development/Scaffold_GenRKQC/rkqc/src/../libs/include/boost/unordered/detail/unique.hpp:385:54: warning: typedef ‘mapped_type’ locally defined but not used [-Wunused-local-typedefs]
             typedef typename value_type::second_type mapped_type;
                                                      ^
In file included from /home/adam/Desktop/Development/Scaffold_GenRKQC/rkqc/src/../libs/include/boost/config.hpp:57:0,
                 from /home/adam/Desktop/Development/Scaffold_GenRKQC/rkqc/src/../libs/include/boost/foreach.hpp:30,
                 from /home/adam/Desktop/Development/Scaffold_GenRKQC/rkqc/src/core/circuit.hpp:38,
                 from /home/adam/Desktop/Development/Scaffold_GenRKQC/rkqc/src/examples/e001_hello_world.cpp:20:
/home/adam/Desktop/Development/Scaffold_GenRKQC/rkqc/src/../libs/include/boost/iterator/filter_iterator.hpp: In constructor ‘boost::filter_iterator<Predicate, Iterator>::filter_iterator(Iterator, Iterator)’:
/home/adam/Desktop/Development/Scaffold_GenRKQC/rkqc/src/../libs/include/boost/static_assert.hpp:125:21: warning: typedef ‘boost_static_assert_typedef_70’ locally defined but not used [-Wunused-local-typedefs]
          BOOST_JOIN(boost_static_assert_typedef_, __LINE__)
                     ^
/home/adam/Desktop/Development/Scaffold_GenRKQC/rkqc/src/../libs/include/boost/iterator/filter_iterator.hpp:70:11: note: in expansion of macro ‘BOOST_STATIC_ASSERT’
           BOOST_STATIC_ASSERT(is_class<Predicate>::value);
           ^
/home/adam/Desktop/Development/Scaffold_GenRKQC/rkqc/src/../libs/include/boost/math/policies/policy.hpp: In function ‘int boost::math::policies::detail::digits_imp(const true_&)’:
/home/adam/Desktop/Development/Scaffold_GenRKQC/rkqc/src/../libs/include/boost/static_assert.hpp:125:21: warning: typedef ‘boost_static_assert_typedef_822’ locally defined but not used [-Wunused-local-typedefs]
          BOOST_JOIN(boost_static_assert_typedef_, __LINE__)
                     ^
/home/adam/Desktop/Development/Scaffold_GenRKQC/rkqc/src/../libs/include/boost/math/policies/policy.hpp:822:4: note: in expansion of macro ‘BOOST_STATIC_ASSERT’
    BOOST_STATIC_ASSERT( ::std::numeric_limits<T>::is_specialized);
    ^
/home/adam/Desktop/Development/Scaffold_GenRKQC/rkqc/src/../libs/include/boost/math/policies/policy.hpp: In function ‘T boost::math::policies::detail::get_epsilon_imp(const true_&)’:
/home/adam/Desktop/Development/Scaffold_GenRKQC/rkqc/src/../libs/include/boost/static_assert.hpp:125:21: warning: typedef ‘boost_static_assert_typedef_900’ locally defined but not used [-Wunused-local-typedefs]
          BOOST_JOIN(boost_static_assert_typedef_, __LINE__)
                     ^
/home/adam/Desktop/Development/Scaffold_GenRKQC/rkqc/src/../libs/include/boost/math/policies/policy.hpp:900:4: note: in expansion of macro ‘BOOST_STATIC_ASSERT’
    BOOST_STATIC_ASSERT( ::std::numeric_limits<T>::is_specialized);
    ^
/home/adam/Desktop/Development/Scaffold_GenRKQC/rkqc/src/../libs/include/boost/static_assert.hpp:125:21: warning: typedef ‘boost_static_assert_typedef_901’ locally defined but not used [-Wunused-local-typedefs]
          BOOST_JOIN(boost_static_assert_typedef_, __LINE__)
                     ^
/home/adam/Desktop/Development/Scaffold_GenRKQC/rkqc/src/../libs/include/boost/math/policies/policy.hpp:901:4: note: in expansion of macro ‘BOOST_STATIC_ASSERT’
    BOOST_STATIC_ASSERT( ::std::numeric_limits<T>::radix == 2);
    ^
In file included from /home/adam/Desktop/Development/Scaffold_GenRKQC/rkqc/src/../libs/include/boost/lexical_cast.hpp:153:0,
                 from /home/adam/Desktop/Development/Scaffold_GenRKQC/rkqc/src/examples/e001_hello_world.cpp:24:
/home/adam/Desktop/Development/Scaffold_GenRKQC/rkqc/src/../libs/include/boost/math/special_functions/sign.hpp: In function ‘int boost::math::signbit(T)’:
/home/adam/Desktop/Development/Scaffold_GenRKQC/rkqc/src/../libs/include/boost/math/special_functions/sign.hpp:113:55: warning: typedef ‘fp_tag’ locally defined but not used [-Wunused-local-typedefs]
    typedef typename boost::is_floating_point<T>::type fp_tag;
                                                       ^
/home/adam/Desktop/Development/Scaffold_GenRKQC/rkqc/src/../libs/include/boost/math/special_functions/sign.hpp: In function ‘T boost::math::changesign(const T&)’:
/home/adam/Desktop/Development/Scaffold_GenRKQC/rkqc/src/../libs/include/boost/math/special_functions/sign.hpp:127:55: warning: typedef ‘fp_tag’ locally defined but not used [-Wunused-local-typedefs]
    typedef typename boost::is_floating_point<T>::type fp_tag;
                                                       ^
In file included from /home/adam/Desktop/Development/Scaffold_GenRKQC/rkqc/src/../libs/include/boost/lexical_cast.hpp:154:0,
                 from /home/adam/Desktop/Development/Scaffold_GenRKQC/rkqc/src/examples/e001_hello_world.cpp:24:
/home/adam/Desktop/Development/Scaffold_GenRKQC/rkqc/src/../libs/include/boost/math/special_functions/fpclassify.hpp: In function ‘bool boost::math::isfinite(T)’:
/home/adam/Desktop/Development/Scaffold_GenRKQC/rkqc/src/../libs/include/boost/math/special_functions/fpclassify.hpp:314:55: warning: typedef ‘fp_tag’ locally defined but not used [-Wunused-local-typedefs]
    typedef typename boost::is_floating_point<T>::type fp_tag;
                                                       ^
/home/adam/Desktop/Development/Scaffold_GenRKQC/rkqc/src/../libs/include/boost/math/special_functions/fpclassify.hpp: In function ‘bool boost::math::isnormal(T)’:
/home/adam/Desktop/Development/Scaffold_GenRKQC/rkqc/src/../libs/include/boost/math/special_functions/fpclassify.hpp:373:55: warning: typedef ‘fp_tag’ locally defined but not used [-Wunused-local-typedefs]
    typedef typename boost::is_floating_point<T>::type fp_tag;
                                                       ^
/home/adam/Desktop/Development/Scaffold_GenRKQC/rkqc/src/../libs/include/boost/math/special_functions/fpclassify.hpp: In function ‘bool boost::math::isinf(T)’:
/home/adam/Desktop/Development/Scaffold_GenRKQC/rkqc/src/../libs/include/boost/math/special_functions/fpclassify.hpp:450:55: warning: typedef ‘fp_tag’ locally defined but not used [-Wunused-local-typedefs]
    typedef typename boost::is_floating_point<T>::type fp_tag;
                                                       ^
/home/adam/Desktop/Development/Scaffold_GenRKQC/rkqc/src/../libs/include/boost/math/special_functions/fpclassify.hpp: In function ‘bool boost::math::isnan(T)’:
/home/adam/Desktop/Development/Scaffold_GenRKQC/rkqc/src/../libs/include/boost/math/special_functions/fpclassify.hpp:519:55: warning: typedef ‘fp_tag’ locally defined but not used [-Wunused-local-typedefs]
    typedef typename boost::is_floating_point<T>::type fp_tag;
                                                       ^
In file included from /home/adam/Desktop/Development/Scaffold_GenRKQC/rkqc/src/../libs/include/boost/mpl/aux_/integral_wrapper.hpp:22:0,
                 from /home/adam/Desktop/Development/Scaffold_GenRKQC/rkqc/src/../libs/include/boost/mpl/int.hpp:20,
                 from /home/adam/Desktop/Development/Scaffold_GenRKQC/rkqc/src/../libs/include/boost/mpl/lambda_fwd.hpp:23,
                 from /home/adam/Desktop/Development/Scaffold_GenRKQC/rkqc/src/../libs/include/boost/mpl/aux_/na_spec.hpp:18,
                 from /home/adam/Desktop/Development/Scaffold_GenRKQC/rkqc/src/../libs/include/boost/mpl/if.hpp:19,
                 from /home/adam/Desktop/Development/Scaffold_GenRKQC/rkqc/src/../libs/include/boost/foreach.hpp:71,
                 from /home/adam/Desktop/Development/Scaffold_GenRKQC/rkqc/src/core/circuit.hpp:38,
                 from /home/adam/Desktop/Development/Scaffold_GenRKQC/rkqc/src/examples/e001_hello_world.cpp:20:
/home/adam/Desktop/Development/Scaffold_GenRKQC/rkqc/src/../libs/include/boost/concept_check.hpp: In function ‘void boost::function_requires(Model*)’:
/home/adam/Desktop/Development/Scaffold_GenRKQC/rkqc/src/../libs/include/boost/concept/detail/general.hpp:71:20: warning: typedef ‘boost_concept_check45’ locally defined but not used [-Wunused-local-typedefs]
       BOOST_PP_CAT(boost_concept_check,__LINE__)
                    ^
/home/adam/Desktop/Development/Scaffold_GenRKQC/rkqc/src/../libs/include/boost/preprocessor/cat.hpp:29:34: note: in definition of macro ‘BOOST_PP_CAT_I’
 #    define BOOST_PP_CAT_I(a, b) a ## b
                                  ^
/home/adam/Desktop/Development/Scaffold_GenRKQC/rkqc/src/../libs/include/boost/concept/detail/general.hpp:71:7: note: in expansion of macro ‘BOOST_PP_CAT’
       BOOST_PP_CAT(boost_concept_check,__LINE__)
       ^
/home/adam/Desktop/Development/Scaffold_GenRKQC/rkqc/src/../libs/include/boost/concept/assert.hpp:44:5: note: in expansion of macro ‘BOOST_CONCEPT_ASSERT_FN’
     BOOST_CONCEPT_ASSERT_FN(void(*)ModelInParens)
     ^
/home/adam/Desktop/Development/Scaffold_GenRKQC/rkqc/src/../libs/include/boost/concept_check.hpp:45:7: note: in expansion of macro ‘BOOST_CONCEPT_ASSERT’
       BOOST_CONCEPT_ASSERT((Model));
       ^
/home/adam/Desktop/Development/Scaffold_GenRKQC/rkqc/src/../libs/include/boost/concept_check.hpp: In destructor ‘boost::AdaptableGenerator<Func, Return>::~AdaptableGenerator()’:
/home/adam/Desktop/Development/Scaffold_GenRKQC/rkqc/src/../libs/include/boost/concept/detail/general.hpp:71:20: warning: typedef ‘boost_concept_check453’ locally defined but not used [-Wunused-local-typedefs]
       BOOST_PP_CAT(boost_concept_check,__LINE__)
                    ^
/home/adam/Desktop/Development/Scaffold_GenRKQC/rkqc/src/../libs/include/boost/preprocessor/cat.hpp:29:34: note: in definition of macro ‘BOOST_PP_CAT_I’
 #    define BOOST_PP_CAT_I(a, b) a ## b
                                  ^
/home/adam/Desktop/Development/Scaffold_GenRKQC/rkqc/src/../libs/include/boost/concept/detail/general.hpp:71:7: note: in expansion of macro ‘BOOST_PP_CAT’
       BOOST_PP_CAT(boost_concept_check,__LINE__)
       ^
/home/adam/Desktop/Development/Scaffold_GenRKQC/rkqc/src/../libs/include/boost/concept/assert.hpp:44:5: note: in expansion of macro ‘BOOST_CONCEPT_ASSERT_FN’
     BOOST_CONCEPT_ASSERT_FN(void(*)ModelInParens)
     ^
/home/adam/Desktop/Development/Scaffold_GenRKQC/rkqc/src/../libs/include/boost/concept_check.hpp:453:11: note: in expansion of macro ‘BOOST_CONCEPT_ASSERT’
           BOOST_CONCEPT_ASSERT((Convertible<result_type, Return>));
           ^
/home/adam/Desktop/Development/Scaffold_GenRKQC/rkqc/src/../libs/include/boost/concept_check.hpp: In destructor ‘boost::AdaptableUnaryFunction<Func, Return, Arg>::~AdaptableUnaryFunction()’:
/home/adam/Desktop/Development/Scaffold_GenRKQC/rkqc/src/../libs/include/boost/concept/detail/general.hpp:71:20: warning: typedef ‘boost_concept_check465’ locally defined but not used [-Wunused-local-typedefs]
       BOOST_PP_CAT(boost_concept_check,__LINE__)
                    ^
/home/adam/Desktop/Development/Scaffold_GenRKQC/rkqc/src/../libs/include/boost/preprocessor/cat.hpp:29:34: note: in definition of macro ‘BOOST_PP_CAT_I’
 #    define BOOST_PP_CAT_I(a, b) a ## b
                                  ^
/home/adam/Desktop/Development/Scaffold_GenRKQC/rkqc/src/../libs/include/boost/concept/detail/general.hpp:71:7: note: in expansion of macro ‘BOOST_PP_CAT’
       BOOST_PP_CAT(boost_concept_check,__LINE__)
       ^
/home/adam/Desktop/Development/Scaffold_GenRKQC/rkqc/src/../libs/include/boost/concept/assert.hpp:44:5: note: in expansion of macro ‘BOOST_CONCEPT_ASSERT_FN’
     BOOST_CONCEPT_ASSERT_FN(void(*)ModelInParens)
     ^
/home/adam/Desktop/Development/Scaffold_GenRKQC/rkqc/src/../libs/include/boost/concept_check.hpp:465:11: note: in expansion of macro ‘BOOST_CONCEPT_ASSERT’
           BOOST_CONCEPT_ASSERT((Convertible<result_type, Return>));
           ^
/home/adam/Desktop/Development/Scaffold_GenRKQC/rkqc/src/../libs/include/boost/concept/detail/general.hpp:71:20: warning: typedef ‘boost_concept_check466’ locally defined but not used [-Wunused-local-typedefs]
       BOOST_PP_CAT(boost_concept_check,__LINE__)
                    ^
/home/adam/Desktop/Development/Scaffold_GenRKQC/rkqc/src/../libs/include/boost/preprocessor/cat.hpp:29:34: note: in definition of macro ‘BOOST_PP_CAT_I’
 #    define BOOST_PP_CAT_I(a, b) a ## b
                                  ^
/home/adam/Desktop/Development/Scaffold_GenRKQC/rkqc/src/../libs/include/boost/concept/detail/general.hpp:71:7: note: in expansion of macro ‘BOOST_PP_CAT’
       BOOST_PP_CAT(boost_concept_check,__LINE__)
       ^
/home/adam/Desktop/Development/Scaffold_GenRKQC/rkqc/src/../libs/include/boost/concept/assert.hpp:44:5: note: in expansion of macro ‘BOOST_CONCEPT_ASSERT_FN’
     BOOST_CONCEPT_ASSERT_FN(void(*)ModelInParens)
     ^
/home/adam/Desktop/Development/Scaffold_GenRKQC/rkqc/src/../libs/include/boost/concept_check.hpp:466:11: note: in expansion of macro ‘BOOST_CONCEPT_ASSERT’
           BOOST_CONCEPT_ASSERT((Convertible<Arg, argument_type>));
           ^
/home/adam/Desktop/Development/Scaffold_GenRKQC/rkqc/src/../libs/include/boost/concept_check.hpp: In destructor ‘boost::AdaptableBinaryFunction<Func, Return, First, Second>::~AdaptableBinaryFunction()’:
/home/adam/Desktop/Development/Scaffold_GenRKQC/rkqc/src/../libs/include/boost/concept/detail/general.hpp:71:20: warning: typedef ‘boost_concept_check484’ locally defined but not used [-Wunused-local-typedefs]
       BOOST_PP_CAT(boost_concept_check,__LINE__)
                    ^
/home/adam/Desktop/Development/Scaffold_GenRKQC/rkqc/src/../libs/include/boost/preprocessor/cat.hpp:29:34: note: in definition of macro ‘BOOST_PP_CAT_I’
 #    define BOOST_PP_CAT_I(a, b) a ## b
                                  ^
/home/adam/Desktop/Development/Scaffold_GenRKQC/rkqc/src/../libs/include/boost/concept/detail/general.hpp:71:7: note: in expansion of macro ‘BOOST_PP_CAT’
       BOOST_PP_CAT(boost_concept_check,__LINE__)
       ^
/home/adam/Desktop/Development/Scaffold_GenRKQC/rkqc/src/../libs/include/boost/concept/assert.hpp:44:5: note: in expansion of macro ‘BOOST_CONCEPT_ASSERT_FN’
     BOOST_CONCEPT_ASSERT_FN(void(*)ModelInParens)
     ^
/home/adam/Desktop/Development/Scaffold_GenRKQC/rkqc/src/../libs/include/boost/concept_check.hpp:484:11: note: in expansion of macro ‘BOOST_CONCEPT_ASSERT’
           BOOST_CONCEPT_ASSERT((Convertible<result_type, Return>));
           ^
/home/adam/Desktop/Development/Scaffold_GenRKQC/rkqc/src/../libs/include/boost/concept/detail/general.hpp:71:20: warning: typedef ‘boost_concept_check485’ locally defined but not used [-Wunused-local-typedefs]
       BOOST_PP_CAT(boost_concept_check,__LINE__)
                    ^
/home/adam/Desktop/Development/Scaffold_GenRKQC/rkqc/src/../libs/include/boost/preprocessor/cat.hpp:29:34: note: in definition of macro ‘BOOST_PP_CAT_I’
 #    define BOOST_PP_CAT_I(a, b) a ## b
                                  ^
/home/adam/Desktop/Development/Scaffold_GenRKQC/rkqc/src/../libs/include/boost/concept/detail/general.hpp:71:7: note: in expansion of macro ‘BOOST_PP_CAT’
       BOOST_PP_CAT(boost_concept_check,__LINE__)
       ^
/home/adam/Desktop/Development/Scaffold_GenRKQC/rkqc/src/../libs/include/boost/concept/assert.hpp:44:5: note: in expansion of macro ‘BOOST_CONCEPT_ASSERT_FN’
     BOOST_CONCEPT_ASSERT_FN(void(*)ModelInParens)
     ^
/home/adam/Desktop/Development/Scaffold_GenRKQC/rkqc/src/../libs/include/boost/concept_check.hpp:485:11: note: in expansion of macro ‘BOOST_CONCEPT_ASSERT’
           BOOST_CONCEPT_ASSERT((Convertible<First, first_argument_type>));
           ^
/home/adam/Desktop/Development/Scaffold_GenRKQC/rkqc/src/../libs/include/boost/concept/detail/general.hpp:71:20: warning: typedef ‘boost_concept_check486’ locally defined but not used [-Wunused-local-typedefs]
       BOOST_PP_CAT(boost_concept_check,__LINE__)
                    ^
/home/adam/Desktop/Development/Scaffold_GenRKQC/rkqc/src/../libs/include/boost/preprocessor/cat.hpp:29:34: note: in definition of macro ‘BOOST_PP_CAT_I’
 #    define BOOST_PP_CAT_I(a, b) a ## b
                                  ^
/home/adam/Desktop/Development/Scaffold_GenRKQC/rkqc/src/../libs/include/boost/concept/detail/general.hpp:71:7: note: in expansion of macro ‘BOOST_PP_CAT’
       BOOST_PP_CAT(boost_concept_check,__LINE__)
       ^
/home/adam/Desktop/Development/Scaffold_GenRKQC/rkqc/src/../libs/include/boost/concept/assert.hpp:44:5: note: in expansion of macro ‘BOOST_CONCEPT_ASSERT_FN’
     BOOST_CONCEPT_ASSERT_FN(void(*)ModelInParens)
     ^
/home/adam/Desktop/Development/Scaffold_GenRKQC/rkqc/src/../libs/include/boost/concept_check.hpp:486:11: note: in expansion of macro ‘BOOST_CONCEPT_ASSERT’
           BOOST_CONCEPT_ASSERT((Convertible<Second, second_argument_type>));
           ^
/home/adam/Desktop/Development/Scaffold_GenRKQC/rkqc/src/../libs/include/boost/concept_check.hpp: In destructor ‘boost::InputIterator<TT>::~InputIterator()’:
/home/adam/Desktop/Development/Scaffold_GenRKQC/rkqc/src/../libs/include/boost/concept/detail/general.hpp:71:20: warning: typedef ‘boost_concept_check517’ locally defined but not used [-Wunused-local-typedefs]
       BOOST_PP_CAT(boost_concept_check,__LINE__)
                    ^
/home/adam/Desktop/Development/Scaffold_GenRKQC/rkqc/src/../libs/include/boost/preprocessor/cat.hpp:29:34: note: in definition of macro ‘BOOST_PP_CAT_I’
 #    define BOOST_PP_CAT_I(a, b) a ## b
                                  ^
/home/adam/Desktop/Development/Scaffold_GenRKQC/rkqc/src/../libs/include/boost/concept/detail/general.hpp:71:7: note: in expansion of macro ‘BOOST_PP_CAT’
       BOOST_PP_CAT(boost_concept_check,__LINE__)
       ^
/home/adam/Desktop/Development/Scaffold_GenRKQC/rkqc/src/../libs/include/boost/concept/assert.hpp:44:5: note: in expansion of macro ‘BOOST_CONCEPT_ASSERT_FN’
     BOOST_CONCEPT_ASSERT_FN(void(*)ModelInParens)
     ^
/home/adam/Desktop/Development/Scaffold_GenRKQC/rkqc/src/../libs/include/boost/concept_check.hpp:517:9: note: in expansion of macro ‘BOOST_CONCEPT_ASSERT’
         BOOST_CONCEPT_ASSERT((SignedInteger<difference_type>));
         ^
/home/adam/Desktop/Development/Scaffold_GenRKQC/rkqc/src/../libs/include/boost/concept/detail/general.hpp:71:20: warning: typedef ‘boost_concept_check518’ locally defined but not used [-Wunused-local-typedefs]
       BOOST_PP_CAT(boost_concept_check,__LINE__)
                    ^
/home/adam/Desktop/Development/Scaffold_GenRKQC/rkqc/src/../libs/include/boost/preprocessor/cat.hpp:29:34: note: in definition of macro ‘BOOST_PP_CAT_I’
 #    define BOOST_PP_CAT_I(a, b) a ## b
                                  ^
/home/adam/Desktop/Development/Scaffold_GenRKQC/rkqc/src/../libs/include/boost/concept/detail/general.hpp:71:7: note: in expansion of macro ‘BOOST_PP_CAT’
       BOOST_PP_CAT(boost_concept_check,__LINE__)
       ^
/home/adam/Desktop/Development/Scaffold_GenRKQC/rkqc/src/../libs/include/boost/concept/assert.hpp:44:5: note: in expansion of macro ‘BOOST_CONCEPT_ASSERT_FN’
     BOOST_CONCEPT_ASSERT_FN(void(*)ModelInParens)
     ^
/home/adam/Desktop/Development/Scaffold_GenRKQC/rkqc/src/../libs/include/boost/concept_check.hpp:518:9: note: in expansion of macro ‘BOOST_CONCEPT_ASSERT’
         BOOST_CONCEPT_ASSERT((Convertible<iterator_category, std::input_iterator_tag>));
         ^
/home/adam/Desktop/Development/Scaffold_GenRKQC/rkqc/src/../libs/include/boost/concept_check.hpp: In destructor ‘boost::ForwardIterator<TT>::~ForwardIterator()’:
/home/adam/Desktop/Development/Scaffold_GenRKQC/rkqc/src/../libs/include/boost/concept/detail/general.hpp:71:20: warning: typedef ‘boost_concept_check551’ locally defined but not used [-Wunused-local-typedefs]
       BOOST_PP_CAT(boost_concept_check,__LINE__)
                    ^
/home/adam/Desktop/Development/Scaffold_GenRKQC/rkqc/src/../libs/include/boost/preprocessor/cat.hpp:29:34: note: in definition of macro ‘BOOST_PP_CAT_I’
 #    define BOOST_PP_CAT_I(a, b) a ## b
                                  ^
/home/adam/Desktop/Development/Scaffold_GenRKQC/rkqc/src/../libs/include/boost/concept/detail/general.hpp:71:7: note: in expansion of macro ‘BOOST_PP_CAT’
       BOOST_PP_CAT(boost_concept_check,__LINE__)
       ^
/home/adam/Desktop/Development/Scaffold_GenRKQC/rkqc/src/../libs/include/boost/concept/assert.hpp:44:5: note: in expansion of macro ‘BOOST_CONCEPT_ASSERT_FN’
     BOOST_CONCEPT_ASSERT_FN(void(*)ModelInParens)
     ^
/home/adam/Desktop/Development/Scaffold_GenRKQC/rkqc/src/../libs/include/boost/concept_check.hpp:548:11: note: in expansion of macro ‘BOOST_CONCEPT_ASSERT’
           BOOST_CONCEPT_ASSERT((Convertible<
           ^
/home/adam/Desktop/Development/Scaffold_GenRKQC/rkqc/src/../libs/include/boost/concept_check.hpp: In destructor ‘boost::BidirectionalIterator<TT>::~BidirectionalIterator()’:
/home/adam/Desktop/Development/Scaffold_GenRKQC/rkqc/src/../libs/include/boost/concept/detail/general.hpp:71:20: warning: typedef ‘boost_concept_check579’ locally defined but not used [-Wunused-local-typedefs]
       BOOST_PP_CAT(boost_concept_check,__LINE__)
                    ^
/home/adam/Desktop/Development/Scaffold_GenRKQC/rkqc/src/../libs/include/boost/preprocessor/cat.hpp:29:34: note: in definition of macro ‘BOOST_PP_CAT_I’
 #    define BOOST_PP_CAT_I(a, b) a ## b
                                  ^
/home/adam/Desktop/Development/Scaffold_GenRKQC/rkqc/src/../libs/include/boost/concept/detail/general.hpp:71:7: note: in expansion of macro ‘BOOST_PP_CAT’
       BOOST_PP_CAT(boost_concept_check,__LINE__)
       ^
/home/adam/Desktop/Development/Scaffold_GenRKQC/rkqc/src/../libs/include/boost/concept/assert.hpp:44:5: note: in expansion of macro ‘BOOST_CONCEPT_ASSERT_FN’
     BOOST_CONCEPT_ASSERT_FN(void(*)ModelInParens)
     ^
/home/adam/Desktop/Development/Scaffold_GenRKQC/rkqc/src/../libs/include/boost/concept_check.hpp:576:11: note: in expansion of macro ‘BOOST_CONCEPT_ASSERT’
           BOOST_CONCEPT_ASSERT((Convertible<
           ^
/home/adam/Desktop/Development/Scaffold_GenRKQC/rkqc/src/../libs/include/boost/concept_check.hpp: In destructor ‘boost::RandomAccessIterator<TT>::~RandomAccessIterator()’:
/home/adam/Desktop/Development/Scaffold_GenRKQC/rkqc/src/../libs/include/boost/concept/detail/general.hpp:71:20: warning: typedef ‘boost_concept_check609’ locally defined but not used [-Wunused-local-typedefs]
       BOOST_PP_CAT(boost_concept_check,__LINE__)
                    ^
/home/adam/Desktop/Development/Scaffold_GenRKQC/rkqc/src/../libs/include/boost/preprocessor/cat.hpp:29:34: note: in definition of macro ‘BOOST_PP_CAT_I’
 #    define BOOST_PP_CAT_I(a, b) a ## b
                                  ^
/home/adam/Desktop/Development/Scaffold_GenRKQC/rkqc/src/../libs/include/boost/concept/detail/general.hpp:71:7: note: in expansion of macro ‘BOOST_PP_CAT’
       BOOST_PP_CAT(boost_concept_check,__LINE__)
       ^
/home/adam/Desktop/Development/Scaffold_GenRKQC/rkqc/src/../libs/include/boost/concept/assert.hpp:44:5: note: in expansion of macro ‘BOOST_CONCEPT_ASSERT_FN’
     BOOST_CONCEPT_ASSERT_FN(void(*)ModelInParens)
     ^
/home/adam/Desktop/Development/Scaffold_GenRKQC/rkqc/src/../libs/include/boost/concept_check.hpp:606:11: note: in expansion of macro ‘BOOST_CONCEPT_ASSERT’
           BOOST_CONCEPT_ASSERT((Convertible<
           ^
/home/adam/Desktop/Development/Scaffold_GenRKQC/rkqc/src/../libs/include/boost/concept_check.hpp: In destructor ‘boost::Container<C>::~Container()’:
/home/adam/Desktop/Development/Scaffold_GenRKQC/rkqc/src/../libs/include/boost/concept/detail/general.hpp:71:20: warning: typedef ‘boost_concept_check653’ locally defined but not used [-Wunused-local-typedefs]
       BOOST_PP_CAT(boost_concept_check,__LINE__)
                    ^
/home/adam/Desktop/Development/Scaffold_GenRKQC/rkqc/src/../libs/include/boost/preprocessor/cat.hpp:29:34: note: in definition of macro ‘BOOST_PP_CAT_I’
 #    define BOOST_PP_CAT_I(a, b) a ## b
                                  ^
/home/adam/Desktop/Development/Scaffold_GenRKQC/rkqc/src/../libs/include/boost/concept/detail/general.hpp:71:7: note: in expansion of macro ‘BOOST_PP_CAT’
       BOOST_PP_CAT(boost_concept_check,__LINE__)
       ^
/home/adam/Desktop/Development/Scaffold_GenRKQC/rkqc/src/../libs/include/boost/concept/assert.hpp:44:5: note: in expansion of macro ‘BOOST_CONCEPT_ASSERT_FN’
     BOOST_CONCEPT_ASSERT_FN(void(*)ModelInParens)
     ^
/home/adam/Desktop/Development/Scaffold_GenRKQC/rkqc/src/../libs/include/boost/concept_check.hpp:653:11: note: in expansion of macro ‘BOOST_CONCEPT_ASSERT’
           BOOST_CONCEPT_ASSERT((InputIterator<const_iterator>));
           ^
/home/adam/Desktop/Development/Scaffold_GenRKQC/rkqc/src/../libs/include/boost/concept_check.hpp: In destructor ‘boost::Mutable_Container<C>::~Mutable_Container()’:
/home/adam/Desktop/Development/Scaffold_GenRKQC/rkqc/src/../libs/include/boost/concept/detail/general.hpp:71:20: warning: typedef ‘boost_concept_check681’ locally defined but not used [-Wunused-local-typedefs]
       BOOST_PP_CAT(boost_concept_check,__LINE__)
                    ^
/home/adam/Desktop/Development/Scaffold_GenRKQC/rkqc/src/../libs/include/boost/preprocessor/cat.hpp:29:34: note: in definition of macro ‘BOOST_PP_CAT_I’
 #    define BOOST_PP_CAT_I(a, b) a ## b
                                  ^
/home/adam/Desktop/Development/Scaffold_GenRKQC/rkqc/src/../libs/include/boost/concept/detail/general.hpp:71:7: note: in expansion of macro ‘BOOST_PP_CAT’
       BOOST_PP_CAT(boost_concept_check,__LINE__)
       ^
/home/adam/Desktop/Development/Scaffold_GenRKQC/rkqc/src/../libs/include/boost/concept/assert.hpp:44:5: note: in expansion of macro ‘BOOST_CONCEPT_ASSERT_FN’
     BOOST_CONCEPT_ASSERT_FN(void(*)ModelInParens)
     ^
/home/adam/Desktop/Development/Scaffold_GenRKQC/rkqc/src/../libs/include/boost/concept_check.hpp:680:11: note: in expansion of macro ‘BOOST_CONCEPT_ASSERT’
           BOOST_CONCEPT_ASSERT((
           ^
/home/adam/Desktop/Development/Scaffold_GenRKQC/rkqc/src/../libs/include/boost/concept/detail/general.hpp:71:20: warning: typedef ‘boost_concept_check683’ locally defined but not used [-Wunused-local-typedefs]
       BOOST_PP_CAT(boost_concept_check,__LINE__)
                    ^
/home/adam/Desktop/Development/Scaffold_GenRKQC/rkqc/src/../libs/include/boost/preprocessor/cat.hpp:29:34: note: in definition of macro ‘BOOST_PP_CAT_I’
 #    define BOOST_PP_CAT_I(a, b) a ## b
                                  ^
/home/adam/Desktop/Development/Scaffold_GenRKQC/rkqc/src/../libs/include/boost/concept/detail/general.hpp:71:7: note: in expansion of macro ‘BOOST_PP_CAT’
       BOOST_PP_CAT(boost_concept_check,__LINE__)
       ^
/home/adam/Desktop/Development/Scaffold_GenRKQC/rkqc/src/../libs/include/boost/concept/assert.hpp:44:5: note: in expansion of macro ‘BOOST_CONCEPT_ASSERT_FN’
     BOOST_CONCEPT_ASSERT_FN(void(*)ModelInParens)
     ^
/home/adam/Desktop/Development/Scaffold_GenRKQC/rkqc/src/../libs/include/boost/concept_check.hpp:683:11: note: in expansion of macro ‘BOOST_CONCEPT_ASSERT’
           BOOST_CONCEPT_ASSERT((InputIterator<iterator>));
           ^
/home/adam/Desktop/Development/Scaffold_GenRKQC/rkqc/src/../libs/include/boost/concept_check.hpp: In destructor ‘boost::ForwardContainer<C>::~ForwardContainer()’:
/home/adam/Desktop/Development/Scaffold_GenRKQC/rkqc/src/../libs/include/boost/concept/detail/general.hpp:71:20: warning: typedef ‘boost_concept_check703’ locally defined but not used [-Wunused-local-typedefs]
       BOOST_PP_CAT(boost_concept_check,__LINE__)
                    ^
/home/adam/Desktop/Development/Scaffold_GenRKQC/rkqc/src/../libs/include/boost/preprocessor/cat.hpp:29:34: note: in definition of macro ‘BOOST_PP_CAT_I’
 #    define BOOST_PP_CAT_I(a, b) a ## b
                                  ^
/home/adam/Desktop/Development/Scaffold_GenRKQC/rkqc/src/../libs/include/boost/concept/detail/general.hpp:71:7: note: in expansion of macro ‘BOOST_PP_CAT’
       BOOST_PP_CAT(boost_concept_check,__LINE__)
       ^
/home/adam/Desktop/Development/Scaffold_GenRKQC/rkqc/src/../libs/include/boost/concept/assert.hpp:44:5: note: in expansion of macro ‘BOOST_CONCEPT_ASSERT_FN’
     BOOST_CONCEPT_ASSERT_FN(void(*)ModelInParens)
     ^
/home/adam/Desktop/Development/Scaffold_GenRKQC/rkqc/src/../libs/include/boost/concept_check.hpp:700:11: note: in expansion of macro ‘BOOST_CONCEPT_ASSERT’
           BOOST_CONCEPT_ASSERT((
           ^
/home/adam/Desktop/Development/Scaffold_GenRKQC/rkqc/src/../libs/include/boost/concept_check.hpp: In destructor ‘boost::Mutable_ForwardContainer<C>::~Mutable_ForwardContainer()’:
/home/adam/Desktop/Development/Scaffold_GenRKQC/rkqc/src/../libs/include/boost/concept/detail/general.hpp:71:20: warning: typedef ‘boost_concept_check716’ locally defined but not used [-Wunused-local-typedefs]
       BOOST_PP_CAT(boost_concept_check,__LINE__)
                    ^
/home/adam/Desktop/Development/Scaffold_GenRKQC/rkqc/src/../libs/include/boost/preprocessor/cat.hpp:29:34: note: in definition of macro ‘BOOST_PP_CAT_I’
 #    define BOOST_PP_CAT_I(a, b) a ## b
                                  ^
/home/adam/Desktop/Development/Scaffold_GenRKQC/rkqc/src/../libs/include/boost/concept/detail/general.hpp:71:7: note: in expansion of macro ‘BOOST_PP_CAT’
       BOOST_PP_CAT(boost_concept_check,__LINE__)
       ^
/home/adam/Desktop/Development/Scaffold_GenRKQC/rkqc/src/../libs/include/boost/concept/assert.hpp:44:5: note: in expansion of macro ‘BOOST_CONCEPT_ASSERT_FN’
     BOOST_CONCEPT_ASSERT_FN(void(*)ModelInParens)
     ^
/home/adam/Desktop/Development/Scaffold_GenRKQC/rkqc/src/../libs/include/boost/concept_check.hpp:713:11: note: in expansion of macro ‘BOOST_CONCEPT_ASSERT’
           BOOST_CONCEPT_ASSERT((
           ^
/home/adam/Desktop/Development/Scaffold_GenRKQC/rkqc/src/../libs/include/boost/concept_check.hpp: In destructor ‘boost::ReversibleContainer<C>::~ReversibleContainer()’:
/home/adam/Desktop/Development/Scaffold_GenRKQC/rkqc/src/../libs/include/boost/concept/detail/general.hpp:71:20: warning: typedef ‘boost_concept_check731’ locally defined but not used [-Wunused-local-typedefs]
       BOOST_PP_CAT(boost_concept_check,__LINE__)
                    ^
/home/adam/Desktop/Development/Scaffold_GenRKQC/rkqc/src/../libs/include/boost/preprocessor/cat.hpp:29:34: note: in definition of macro ‘BOOST_PP_CAT_I’
 #    define BOOST_PP_CAT_I(a, b) a ## b
                                  ^
/home/adam/Desktop/Development/Scaffold_GenRKQC/rkqc/src/../libs/include/boost/concept/detail/general.hpp:71:7: note: in expansion of macro ‘BOOST_PP_CAT’
       BOOST_PP_CAT(boost_concept_check,__LINE__)
       ^
/home/adam/Desktop/Development/Scaffold_GenRKQC/rkqc/src/../libs/include/boost/concept/assert.hpp:44:5: note: in expansion of macro ‘BOOST_CONCEPT_ASSERT_FN’
     BOOST_CONCEPT_ASSERT_FN(void(*)ModelInParens)
     ^
/home/adam/Desktop/Development/Scaffold_GenRKQC/rkqc/src/../libs/include/boost/concept_check.hpp:729:11: note: in expansion of macro ‘BOOST_CONCEPT_ASSERT’
           BOOST_CONCEPT_ASSERT((
           ^
/home/adam/Desktop/Development/Scaffold_GenRKQC/rkqc/src/../libs/include/boost/concept/detail/general.hpp:71:20: warning: typedef ‘boost_concept_check733’ locally defined but not used [-Wunused-local-typedefs]
       BOOST_PP_CAT(boost_concept_check,__LINE__)
                    ^
/home/adam/Desktop/Development/Scaffold_GenRKQC/rkqc/src/../libs/include/boost/preprocessor/cat.hpp:29:34: note: in definition of macro ‘BOOST_PP_CAT_I’
 #    define BOOST_PP_CAT_I(a, b) a ## b
                                  ^
/home/adam/Desktop/Development/Scaffold_GenRKQC/rkqc/src/../libs/include/boost/concept/detail/general.hpp:71:7: note: in expansion of macro ‘BOOST_PP_CAT’
       BOOST_PP_CAT(boost_concept_check,__LINE__)
       ^
/home/adam/Desktop/Development/Scaffold_GenRKQC/rkqc/src/../libs/include/boost/concept/assert.hpp:44:5: note: in expansion of macro ‘BOOST_CONCEPT_ASSERT_FN’
     BOOST_CONCEPT_ASSERT_FN(void(*)ModelInParens)
     ^
/home/adam/Desktop/Development/Scaffold_GenRKQC/rkqc/src/../libs/include/boost/concept_check.hpp:733:11: note: in expansion of macro ‘BOOST_CONCEPT_ASSERT’
           BOOST_CONCEPT_ASSERT((BidirectionalIterator<const_reverse_iterator>));
           ^
/home/adam/Desktop/Development/Scaffold_GenRKQC/rkqc/src/../libs/include/boost/concept_check.hpp: In destructor ‘boost::Mutable_ReversibleContainer<C>::~Mutable_ReversibleContainer()’:
/home/adam/Desktop/Development/Scaffold_GenRKQC/rkqc/src/../libs/include/boost/concept/detail/general.hpp:71:20: warning: typedef ‘boost_concept_check755’ locally defined but not used [-Wunused-local-typedefs]
       BOOST_PP_CAT(boost_concept_check,__LINE__)
                    ^
/home/adam/Desktop/Development/Scaffold_GenRKQC/rkqc/src/../libs/include/boost/preprocessor/cat.hpp:29:34: note: in definition of macro ‘BOOST_PP_CAT_I’
 #    define BOOST_PP_CAT_I(a, b) a ## b
                                  ^
/home/adam/Desktop/Development/Scaffold_GenRKQC/rkqc/src/../libs/include/boost/concept/detail/general.hpp:71:7: note: in expansion of macro ‘BOOST_PP_CAT’
       BOOST_PP_CAT(boost_concept_check,__LINE__)
       ^
/home/adam/Desktop/Development/Scaffold_GenRKQC/rkqc/src/../libs/include/boost/concept/assert.hpp:44:5: note: in expansion of macro ‘BOOST_CONCEPT_ASSERT_FN’
     BOOST_CONCEPT_ASSERT_FN(void(*)ModelInParens)
     ^
/home/adam/Desktop/Development/Scaffold_GenRKQC/rkqc/src/../libs/include/boost/concept_check.hpp:755:11: note: in expansion of macro ‘BOOST_CONCEPT_ASSERT’
           BOOST_CONCEPT_ASSERT((Mutable_BidirectionalIterator<iterator>));
           ^
/home/adam/Desktop/Development/Scaffold_GenRKQC/rkqc/src/../libs/include/boost/concept/detail/general.hpp:71:20: warning: typedef ‘boost_concept_check756’ locally defined but not used [-Wunused-local-typedefs]
       BOOST_PP_CAT(boost_concept_check,__LINE__)
                    ^
/home/adam/Desktop/Development/Scaffold_GenRKQC/rkqc/src/../libs/include/boost/preprocessor/cat.hpp:29:34: note: in definition of macro ‘BOOST_PP_CAT_I’
 #    define BOOST_PP_CAT_I(a, b) a ## b
                                  ^
/home/adam/Desktop/Development/Scaffold_GenRKQC/rkqc/src/../libs/include/boost/concept/detail/general.hpp:71:7: note: in expansion of macro ‘BOOST_PP_CAT’
       BOOST_PP_CAT(boost_concept_check,__LINE__)
       ^
/home/adam/Desktop/Development/Scaffold_GenRKQC/rkqc/src/../libs/include/boost/concept/assert.hpp:44:5: note: in expansion of macro ‘BOOST_CONCEPT_ASSERT_FN’
     BOOST_CONCEPT_ASSERT_FN(void(*)ModelInParens)
     ^
/home/adam/Desktop/Development/Scaffold_GenRKQC/rkqc/src/../libs/include/boost/concept_check.hpp:756:11: note: in expansion of macro ‘BOOST_CONCEPT_ASSERT’
           BOOST_CONCEPT_ASSERT((Mutable_BidirectionalIterator<reverse_iterator>));
           ^
/home/adam/Desktop/Development/Scaffold_GenRKQC/rkqc/src/../libs/include/boost/concept_check.hpp: In destructor ‘boost::RandomAccessContainer<C>::~RandomAccessContainer()’:
/home/adam/Desktop/Development/Scaffold_GenRKQC/rkqc/src/../libs/include/boost/concept/detail/general.hpp:71:20: warning: typedef ‘boost_concept_check776’ locally defined but not used [-Wunused-local-typedefs]
       BOOST_PP_CAT(boost_concept_check,__LINE__)
                    ^
/home/adam/Desktop/Development/Scaffold_GenRKQC/rkqc/src/../libs/include/boost/preprocessor/cat.hpp:29:34: note: in definition of macro ‘BOOST_PP_CAT_I’
 #    define BOOST_PP_CAT_I(a, b) a ## b
                                  ^
/home/adam/Desktop/Development/Scaffold_GenRKQC/rkqc/src/../libs/include/boost/concept/detail/general.hpp:71:7: note: in expansion of macro ‘BOOST_PP_CAT’
       BOOST_PP_CAT(boost_concept_check,__LINE__)
       ^
/home/adam/Desktop/Development/Scaffold_GenRKQC/rkqc/src/../libs/include/boost/concept/assert.hpp:44:5: note: in expansion of macro ‘BOOST_CONCEPT_ASSERT_FN’
     BOOST_CONCEPT_ASSERT_FN(void(*)ModelInParens)
     ^
/home/adam/Desktop/Development/Scaffold_GenRKQC/rkqc/src/../libs/include/boost/concept_check.hpp:773:11: note: in expansion of macro ‘BOOST_CONCEPT_ASSERT’
           BOOST_CONCEPT_ASSERT((
           ^
/home/adam/Desktop/Development/Scaffold_GenRKQC/rkqc/src/../libs/include/boost/concept_check.hpp: In destructor ‘boost::Mutable_RandomAccessContainer<C>::~Mutable_RandomAccessContainer()’:
/home/adam/Desktop/Development/Scaffold_GenRKQC/rkqc/src/../libs/include/boost/concept/detail/general.hpp:71:20: warning: typedef ‘boost_concept_check800’ locally defined but not used [-Wunused-local-typedefs]
       BOOST_PP_CAT(boost_concept_check,__LINE__)
                    ^
/home/adam/Desktop/Development/Scaffold_GenRKQC/rkqc/src/../libs/include/boost/preprocessor/cat.hpp:29:34: note: in definition of macro ‘BOOST_PP_CAT_I’
 #    define BOOST_PP_CAT_I(a, b) a ## b
                                  ^
/home/adam/Desktop/Development/Scaffold_GenRKQC/rkqc/src/../libs/include/boost/concept/detail/general.hpp:71:7: note: in expansion of macro ‘BOOST_PP_CAT’
       BOOST_PP_CAT(boost_concept_check,__LINE__)
       ^
/home/adam/Desktop/Development/Scaffold_GenRKQC/rkqc/src/../libs/include/boost/concept/assert.hpp:44:5: note: in expansion of macro ‘BOOST_CONCEPT_ASSERT_FN’
     BOOST_CONCEPT_ASSERT_FN(void(*)ModelInParens)
     ^
/home/adam/Desktop/Development/Scaffold_GenRKQC/rkqc/src/../libs/include/boost/concept_check.hpp:800:11: note: in expansion of macro ‘BOOST_CONCEPT_ASSERT’
           BOOST_CONCEPT_ASSERT((Mutable_RandomAccessIterator<typename self::iterator>));
           ^
/home/adam/Desktop/Development/Scaffold_GenRKQC/rkqc/src/../libs/include/boost/concept/detail/general.hpp:71:20: warning: typedef ‘boost_concept_check801’ locally defined but not used [-Wunused-local-typedefs]
       BOOST_PP_CAT(boost_concept_check,__LINE__)
                    ^
/home/adam/Desktop/Development/Scaffold_GenRKQC/rkqc/src/../libs/include/boost/preprocessor/cat.hpp:29:34: note: in definition of macro ‘BOOST_PP_CAT_I’
 #    define BOOST_PP_CAT_I(a, b) a ## b
                                  ^
/home/adam/Desktop/Development/Scaffold_GenRKQC/rkqc/src/../libs/include/boost/concept/detail/general.hpp:71:7: note: in expansion of macro ‘BOOST_PP_CAT’
       BOOST_PP_CAT(boost_concept_check,__LINE__)
       ^
/home/adam/Desktop/Development/Scaffold_GenRKQC/rkqc/src/../libs/include/boost/concept/assert.hpp:44:5: note: in expansion of macro ‘BOOST_CONCEPT_ASSERT_FN’
     BOOST_CONCEPT_ASSERT_FN(void(*)ModelInParens)
     ^
/home/adam/Desktop/Development/Scaffold_GenRKQC/rkqc/src/../libs/include/boost/concept_check.hpp:801:11: note: in expansion of macro ‘BOOST_CONCEPT_ASSERT’
           BOOST_CONCEPT_ASSERT((Mutable_RandomAccessIterator<typename self::reverse_iterator>));
           ^
/home/adam/Desktop/Development/Scaffold_GenRKQC/rkqc/src/../libs/include/boost/concept_check.hpp: In destructor ‘boost::AssociativeContainer<C>::~AssociativeContainer()’:
/home/adam/Desktop/Development/Scaffold_GenRKQC/rkqc/src/../libs/include/boost/concept/detail/general.hpp:71:20: warning: typedef ‘boost_concept_check905’ locally defined but not used [-Wunused-local-typedefs]
       BOOST_PP_CAT(boost_concept_check,__LINE__)
                    ^
/home/adam/Desktop/Development/Scaffold_GenRKQC/rkqc/src/../libs/include/boost/preprocessor/cat.hpp:29:34: note: in definition of macro ‘BOOST_PP_CAT_I’
 #    define BOOST_PP_CAT_I(a, b) a ## b
                                  ^
/home/adam/Desktop/Development/Scaffold_GenRKQC/rkqc/src/../libs/include/boost/concept/detail/general.hpp:71:7: note: in expansion of macro ‘BOOST_PP_CAT’
       BOOST_PP_CAT(boost_concept_check,__LINE__)
       ^
/home/adam/Desktop/Development/Scaffold_GenRKQC/rkqc/src/../libs/include/boost/concept/assert.hpp:44:5: note: in expansion of macro ‘BOOST_CONCEPT_ASSERT_FN’
     BOOST_CONCEPT_ASSERT_FN(void(*)ModelInParens)
     ^
/home/adam/Desktop/Development/Scaffold_GenRKQC/rkqc/src/../libs/include/boost/concept_check.hpp:905:11: note: in expansion of macro ‘BOOST_CONCEPT_ASSERT’
           BOOST_CONCEPT_ASSERT((BinaryPredicate<key_compare,key_type,key_type>));
           ^
/home/adam/Desktop/Development/Scaffold_GenRKQC/rkqc/src/../libs/include/boost/concept/detail/general.hpp:71:20: warning: typedef ‘boost_concept_check908’ locally defined but not used [-Wunused-local-typedefs]
       BOOST_PP_CAT(boost_concept_check,__LINE__)
                    ^
/home/adam/Desktop/Development/Scaffold_GenRKQC/rkqc/src/../libs/include/boost/preprocessor/cat.hpp:29:34: note: in definition of macro ‘BOOST_PP_CAT_I’
 #    define BOOST_PP_CAT_I(a, b) a ## b
                                  ^
/home/adam/Desktop/Development/Scaffold_GenRKQC/rkqc/src/../libs/include/boost/concept/detail/general.hpp:71:7: note: in expansion of macro ‘BOOST_PP_CAT’
       BOOST_PP_CAT(boost_concept_check,__LINE__)
       ^
/home/adam/Desktop/Development/Scaffold_GenRKQC/rkqc/src/../libs/include/boost/concept/assert.hpp:44:5: note: in expansion of macro ‘BOOST_CONCEPT_ASSERT_FN’
     BOOST_CONCEPT_ASSERT_FN(void(*)ModelInParens)
     ^
/home/adam/Desktop/Development/Scaffold_GenRKQC/rkqc/src/../libs/include/boost/concept_check.hpp:908:11: note: in expansion of macro ‘BOOST_CONCEPT_ASSERT’
           BOOST_CONCEPT_ASSERT((BinaryPredicate<value_compare,value_type_,value_type_>));
           ^
/home/adam/Desktop/Development/Scaffold_GenRKQC/rkqc/src/../libs/include/boost/range/algorithm/equal.hpp: In function ‘bool boost::range::equal(const SinglePassRange1&, const SinglePassRange2&)’:
/home/adam/Desktop/Development/Scaffold_GenRKQC/rkqc/src/../libs/include/boost/concept/detail/general.hpp:71:20: warning: typedef ‘boost_concept_check172’ locally defined but not used [-Wunused-local-typedefs]
       BOOST_PP_CAT(boost_concept_check,__LINE__)
                    ^
/home/adam/Desktop/Development/Scaffold_GenRKQC/rkqc/src/../libs/include/boost/preprocessor/cat.hpp:29:34: note: in definition of macro ‘BOOST_PP_CAT_I’
 #    define BOOST_PP_CAT_I(a, b) a ## b
                                  ^
/home/adam/Desktop/Development/Scaffold_GenRKQC/rkqc/src/../libs/include/boost/concept/detail/general.hpp:71:7: note: in expansion of macro ‘BOOST_PP_CAT’
       BOOST_PP_CAT(boost_concept_check,__LINE__)
       ^
/home/adam/Desktop/Development/Scaffold_GenRKQC/rkqc/src/../libs/include/boost/concept/assert.hpp:44:5: note: in expansion of macro ‘BOOST_CONCEPT_ASSERT_FN’
     BOOST_CONCEPT_ASSERT_FN(void(*)ModelInParens)
     ^
/home/adam/Desktop/Development/Scaffold_GenRKQC/rkqc/src/../libs/include/boost/range/concepts.hpp:92:45: note: in expansion of macro ‘BOOST_CONCEPT_ASSERT’
     #define BOOST_RANGE_CONCEPT_ASSERT( x ) BOOST_CONCEPT_ASSERT( x )
                                             ^
/home/adam/Desktop/Development/Scaffold_GenRKQC/rkqc/src/../libs/include/boost/range/algorithm/equal.hpp:172:13: note: in expansion of macro ‘BOOST_RANGE_CONCEPT_ASSERT’
             BOOST_RANGE_CONCEPT_ASSERT(( SinglePassRangeConcept<const SinglePassRange1> ));
             ^
/home/adam/Desktop/Development/Scaffold_GenRKQC/rkqc/src/../libs/include/boost/concept/detail/general.hpp:71:20: warning: typedef ‘boost_concept_check173’ locally defined but not used [-Wunused-local-typedefs]
       BOOST_PP_CAT(boost_concept_check,__LINE__)
                    ^
/home/adam/Desktop/Development/Scaffold_GenRKQC/rkqc/src/../libs/include/boost/preprocessor/cat.hpp:29:34: note: in definition of macro ‘BOOST_PP_CAT_I’
 #    define BOOST_PP_CAT_I(a, b) a ## b
                                  ^
/home/adam/Desktop/Development/Scaffold_GenRKQC/rkqc/src/../libs/include/boost/concept/detail/general.hpp:71:7: note: in expansion of macro ‘BOOST_PP_CAT’
       BOOST_PP_CAT(boost_concept_check,__LINE__)
       ^
/home/adam/Desktop/Development/Scaffold_GenRKQC/rkqc/src/../libs/include/boost/concept/assert.hpp:44:5: note: in expansion of macro ‘BOOST_CONCEPT_ASSERT_FN’
     BOOST_CONCEPT_ASSERT_FN(void(*)ModelInParens)
     ^
/home/adam/Desktop/Development/Scaffold_GenRKQC/rkqc/src/../libs/include/boost/range/concepts.hpp:92:45: note: in expansion of macro ‘BOOST_CONCEPT_ASSERT’
     #define BOOST_RANGE_CONCEPT_ASSERT( x ) BOOST_CONCEPT_ASSERT( x )
                                             ^
/home/adam/Desktop/Development/Scaffold_GenRKQC/rkqc/src/../libs/include/boost/range/algorithm/equal.hpp:173:13: note: in expansion of macro ‘BOOST_RANGE_CONCEPT_ASSERT’
             BOOST_RANGE_CONCEPT_ASSERT(( SinglePassRangeConcept<const SinglePassRange2> ));
             ^
/home/adam/Desktop/Development/Scaffold_GenRKQC/rkqc/src/../libs/include/boost/range/algorithm/equal.hpp: In function ‘bool boost::range::equal(const SinglePassRange1&, const SinglePassRange2&, BinaryPredicate)’:
/home/adam/Desktop/Development/Scaffold_GenRKQC/rkqc/src/../libs/include/boost/concept/detail/general.hpp:71:20: warning: typedef ‘boost_concept_check185’ locally defined but not used [-Wunused-local-typedefs]
       BOOST_PP_CAT(boost_concept_check,__LINE__)
                    ^
/home/adam/Desktop/Development/Scaffold_GenRKQC/rkqc/src/../libs/include/boost/preprocessor/cat.hpp:29:34: note: in definition of macro ‘BOOST_PP_CAT_I’
 #    define BOOST_PP_CAT_I(a, b) a ## b
                                  ^
/home/adam/Desktop/Development/Scaffold_GenRKQC/rkqc/src/../libs/include/boost/concept/detail/general.hpp:71:7: note: in expansion of macro ‘BOOST_PP_CAT’
       BOOST_PP_CAT(boost_concept_check,__LINE__)
       ^
/home/adam/Desktop/Development/Scaffold_GenRKQC/rkqc/src/../libs/include/boost/concept/assert.hpp:44:5: note: in expansion of macro ‘BOOST_CONCEPT_ASSERT_FN’
     BOOST_CONCEPT_ASSERT_FN(void(*)ModelInParens)
     ^
/home/adam/Desktop/Development/Scaffold_GenRKQC/rkqc/src/../libs/include/boost/range/concepts.hpp:92:45: note: in expansion of macro ‘BOOST_CONCEPT_ASSERT’
     #define BOOST_RANGE_CONCEPT_ASSERT( x ) BOOST_CONCEPT_ASSERT( x )
                                             ^
/home/adam/Desktop/Development/Scaffold_GenRKQC/rkqc/src/../libs/include/boost/range/algorithm/equal.hpp:185:13: note: in expansion of macro ‘BOOST_RANGE_CONCEPT_ASSERT’
             BOOST_RANGE_CONCEPT_ASSERT(( SinglePassRangeConcept<const SinglePassRange1> ));
             ^
/home/adam/Desktop/Development/Scaffold_GenRKQC/rkqc/src/../libs/include/boost/concept/detail/general.hpp:71:20: warning: typedef ‘boost_concept_check186’ locally defined but not used [-Wunused-local-typedefs]
       BOOST_PP_CAT(boost_concept_check,__LINE__)
                    ^
/home/adam/Desktop/Development/Scaffold_GenRKQC/rkqc/src/../libs/include/boost/preprocessor/cat.hpp:29:34: note: in definition of macro ‘BOOST_PP_CAT_I’
 #    define BOOST_PP_CAT_I(a, b) a ## b
                                  ^
/home/adam/Desktop/Development/Scaffold_GenRKQC/rkqc/src/../libs/include/boost/concept/detail/general.hpp:71:7: note: in expansion of macro ‘BOOST_PP_CAT’
       BOOST_PP_CAT(boost_concept_check,__LINE__)
       ^
/home/adam/Desktop/Development/Scaffold_GenRKQC/rkqc/src/../libs/include/boost/concept/assert.hpp:44:5: note: in expansion of macro ‘BOOST_CONCEPT_ASSERT_FN’
     BOOST_CONCEPT_ASSERT_FN(void(*)ModelInParens)
     ^
/home/adam/Desktop/Development/Scaffold_GenRKQC/rkqc/src/../libs/include/boost/range/concepts.hpp:92:45: note: in expansion of macro ‘BOOST_CONCEPT_ASSERT’
     #define BOOST_RANGE_CONCEPT_ASSERT( x ) BOOST_CONCEPT_ASSERT( x )
                                             ^
/home/adam/Desktop/Development/Scaffold_GenRKQC/rkqc/src/../libs/include/boost/range/algorithm/equal.hpp:186:13: note: in expansion of macro ‘BOOST_RANGE_CONCEPT_ASSERT’
             BOOST_RANGE_CONCEPT_ASSERT(( SinglePassRangeConcept<const SinglePassRange2> ));
             ^
In file included from /home/adam/Desktop/Development/Scaffold_GenRKQC/rkqc/src/../libs/include/boost/config.hpp:57:0,
                 from /home/adam/Desktop/Development/Scaffold_GenRKQC/rkqc/src/../libs/include/boost/foreach.hpp:30,
                 from /home/adam/Desktop/Development/Scaffold_GenRKQC/rkqc/src/core/circuit.hpp:38,
                 from /home/adam/Desktop/Development/Scaffold_GenRKQC/rkqc/src/examples/e001_hello_world.cpp:20:
/home/adam/Desktop/Development/Scaffold_GenRKQC/rkqc/src/../libs/include/boost/lexical_cast.hpp: In function ‘CharT* boost::detail::lcast_put_unsigned(T, CharT*)’:
/home/adam/Desktop/Development/Scaffold_GenRKQC/rkqc/src/../libs/include/boost/static_assert.hpp:125:21: warning: typedef ‘boost_static_assert_typedef_592’ locally defined but not used [-Wunused-local-typedefs]
          BOOST_JOIN(boost_static_assert_typedef_, __LINE__)
                     ^
/home/adam/Desktop/Development/Scaffold_GenRKQC/rkqc/src/../libs/include/boost/lexical_cast.hpp:592:13: note: in expansion of macro ‘BOOST_STATIC_ASSERT’
             BOOST_STATIC_ASSERT(!std::numeric_limits<T>::is_signed);
             ^
/home/adam/Desktop/Development/Scaffold_GenRKQC/rkqc/src/../libs/include/boost/static_assert.hpp:125:21: warning: typedef ‘boost_static_assert_typedef_617’ locally defined but not used [-Wunused-local-typedefs]
          BOOST_JOIN(boost_static_assert_typedef_, __LINE__)
                     ^
/home/adam/Desktop/Development/Scaffold_GenRKQC/rkqc/src/../libs/include/boost/lexical_cast.hpp:617:17: note: in expansion of macro ‘BOOST_STATIC_ASSERT’
                 BOOST_STATIC_ASSERT(std::numeric_limits<T>::digits10 < CHAR_MAX);
                 ^
/home/adam/Desktop/Development/Scaffold_GenRKQC/rkqc/src/../libs/include/boost/lexical_cast.hpp: In function ‘bool boost::detail::lcast_ret_unsigned(T&, const CharT*, const CharT*)’:
/home/adam/Desktop/Development/Scaffold_GenRKQC/rkqc/src/../libs/include/boost/static_assert.hpp:125:21: warning: typedef ‘boost_static_assert_typedef_671’ locally defined but not used [-Wunused-local-typedefs]
          BOOST_JOIN(boost_static_assert_typedef_, __LINE__)
                     ^
/home/adam/Desktop/Development/Scaffold_GenRKQC/rkqc/src/../libs/include/boost/lexical_cast.hpp:671:13: note: in expansion of macro ‘BOOST_STATIC_ASSERT’
             BOOST_STATIC_ASSERT(!std::numeric_limits<T>::is_signed);
             ^
In file included from /home/adam/Desktop/Development/Scaffold_GenRKQC/rkqc/src/examples/e001_hello_world.cpp:24:0:
/home/adam/Desktop/Development/Scaffold_GenRKQC/rkqc/src/../libs/include/boost/lexical_cast.hpp:673:47: warning: typedef ‘int_type’ locally defined but not used [-Wunused-local-typedefs]
             typedef typename Traits::int_type int_type;
                                               ^
In file included from /home/adam/Desktop/Development/Scaffold_GenRKQC/rkqc/src/../libs/include/boost/config.hpp:57:0,
                 from /home/adam/Desktop/Development/Scaffold_GenRKQC/rkqc/src/../libs/include/boost/foreach.hpp:30,
                 from /home/adam/Desktop/Development/Scaffold_GenRKQC/rkqc/src/core/circuit.hpp:38,
                 from /home/adam/Desktop/Development/Scaffold_GenRKQC/rkqc/src/examples/e001_hello_world.cpp:20:
/home/adam/Desktop/Development/Scaffold_GenRKQC/rkqc/src/../libs/include/boost/lexical_cast.hpp: In member function ‘bool boost::detail::lexical_stream_limited_src<CharT, Traits, RequiresStringbuffer>::shl_char(T)’:
/home/adam/Desktop/Development/Scaffold_GenRKQC/rkqc/src/../libs/include/boost/static_assert.hpp:125:21: warning: typedef ‘boost_static_assert_typedef_1274’ locally defined but not used [-Wunused-local-typedefs]
          BOOST_JOIN(boost_static_assert_typedef_, __LINE__)
                     ^
/home/adam/Desktop/Development/Scaffold_GenRKQC/rkqc/src/../libs/include/boost/static_assert.hpp:23:45: note: in expansion of macro ‘BOOST_STATIC_ASSERT’
 #  define BOOST_STATIC_ASSERT_MSG( B, Msg ) BOOST_STATIC_ASSERT( B )
                                             ^
/home/adam/Desktop/Development/Scaffold_GenRKQC/rkqc/src/../libs/include/boost/lexical_cast.hpp:1272:17: note: in expansion of macro ‘BOOST_STATIC_ASSERT_MSG’
                 BOOST_STATIC_ASSERT_MSG(( sizeof(T) <= sizeof(CharT)) ,
                 ^
/home/adam/Desktop/Development/Scaffold_GenRKQC/rkqc/src/../libs/include/boost/lexical_cast.hpp: In member function ‘bool boost::detail::lexical_stream_limited_src<CharT, Traits, RequiresStringbuffer>::shl_char_array(const T*)’:
/home/adam/Desktop/Development/Scaffold_GenRKQC/rkqc/src/../libs/include/boost/static_assert.hpp:125:21: warning: typedef ‘boost_static_assert_typedef_1299’ locally defined but not used [-Wunused-local-typedefs]
          BOOST_JOIN(boost_static_assert_typedef_, __LINE__)
                     ^
/home/adam/Desktop/Development/Scaffold_GenRKQC/rkqc/src/../libs/include/boost/static_assert.hpp:23:45: note: in expansion of macro ‘BOOST_STATIC_ASSERT’
 #  define BOOST_STATIC_ASSERT_MSG( B, Msg ) BOOST_STATIC_ASSERT( B )
                                             ^
/home/adam/Desktop/Development/Scaffold_GenRKQC/rkqc/src/../libs/include/boost/lexical_cast.hpp:1297:17: note: in expansion of macro ‘BOOST_STATIC_ASSERT_MSG’
                 BOOST_STATIC_ASSERT_MSG(( sizeof(T) <= sizeof(CharT)),
                 ^
/home/adam/Desktop/Development/Scaffold_GenRKQC/rkqc/src/../libs/include/boost/lexical_cast.hpp: In member function ‘bool boost::detail::lexical_stream_limited_src<CharT, Traits, RequiresStringbuffer>::shr_xchar(T&)’:
/home/adam/Desktop/Development/Scaffold_GenRKQC/rkqc/src/../libs/include/boost/static_assert.hpp:125:21: warning: typedef ‘boost_static_assert_typedef_1727’ locally defined but not used [-Wunused-local-typedefs]
          BOOST_JOIN(boost_static_assert_typedef_, __LINE__)
                     ^
/home/adam/Desktop/Development/Scaffold_GenRKQC/rkqc/src/../libs/include/boost/static_assert.hpp:23:45: note: in expansion of macro ‘BOOST_STATIC_ASSERT’
 #  define BOOST_STATIC_ASSERT_MSG( B, Msg ) BOOST_STATIC_ASSERT( B )
                                             ^
/home/adam/Desktop/Development/Scaffold_GenRKQC/rkqc/src/../libs/include/boost/lexical_cast.hpp:1725:17: note: in expansion of macro ‘BOOST_STATIC_ASSERT_MSG’
                 BOOST_STATIC_ASSERT_MSG(( sizeof(CharT) == sizeof(T) ),
                 ^
rm: cannot remove ‘revkit.py’: No such file or directory
rm: cannot remove ‘revkit_python.so’: No such file or directory
rm: cannot remove ‘revkitmath.py’: No such file or directory
rm: cannot remove ‘revkitui.py’: No such file or directory
